2025-06-26 20:48:34 [INFO]: Inicio de sesión exitoso usuario: Marlen16 
2025-06-26 21:06:21 [INFO]: Inicio de sesión exitoso usuario: Marlen16 
2025-06-26 22:09:03 [INFO]: Tipo de usuario actualizado para Marlen12: Nuevo tipo 3 
2025-06-26 22:11:02 [INFO]: Tipo de usuario actualizado para Marlen12: Nuevo tipo 2 
2025-06-26 22:11:19 [INFO]: Tipo de usuario actualizado para Marlen12: Nuevo tipo 3 
2025-06-26 22:12:34 [ERROR]: Error al eliminar usuario: 
Invalid `prisma.users.delete()` invocation:


Foreign key constraint violated on the fields: (`usuarioId`) 
2025-06-26 22:44:36 [INFO]: Inicio de sesión exitoso usuario: Marlen16 
2025-06-26 22:47:31 [INFO]: Sesión cerrada correctamente - Usuario: Marlen16 
2025-06-26 22:47:39 [INFO]: Inicio de sesión exitoso usuario: Marlen12 
2025-06-26 22:48:10 [INFO]: Inicio de sesión exitoso usuario: Marlen16 
2025-06-26 22:49:17 [INFO]: Tipo de usuario actualizado para Adela12: Nuevo tipo 1 
2025-06-26 22:49:21 [INFO]: Tipo de usuario actualizado para Adela12: Nuevo tipo 2 
2025-06-26 22:49:24 [INFO]: Tipo de usuario actualizado para Adela12: Nuevo tipo 1 
2025-06-26 22:49:53 [INFO]: Tipo de usuario actualizado para nuevoUsuario: Nuevo tipo 1 
2025-06-26 22:50:12 [INFO]: Tipo de usuario actualizado para nuevoUsuario: Nuevo tipo 2 
2025-06-26 22:50:43 [INFO]: Nuevo usuario creado: Mar45 
2025-06-26 22:53:49 [INFO]: Tipo de usuario actualizado para Marlen16: Nuevo tipo 2 
2025-06-26 22:54:00 [INFO]: Tipo de usuario actualizado para Adela12: Nuevo tipo 2 
2025-06-26 22:55:52 [INFO]: Sesión cerrada correctamente - Usuario: Marlen16 
2025-06-26 22:56:02 [INFO]: Inicio de sesión exitoso usuario: Marlen16 
2025-06-26 22:56:04 [INFO]: Sesión cerrada correctamente - Usuario: Marlen16 
2025-06-26 22:57:01 [INFO]: Inicio de sesión exitoso usuario: Marlen16 
2025-06-26 22:57:20 [INFO]: Tipo de usuario actualizado para Adela12: Nuevo tipo 1 
2025-06-26 23:02:38 [INFO]: Tipo de usuario actualizado para Adela12: Nuevo tipo 2 
2025-06-26 23:07:40 [INFO]: Tipo de usuario actualizado para Adela12: Nuevo tipo 1 
2025-06-26 23:12:26 [INFO]: Nuevo usuario creado: Marlen 
2025-06-26 23:36:01 [INFO]: Perfil de empresa actualizado {"usuario":"Marlen16","empresaId":"1"}
2025-06-26 23:37:46 [INFO]: Sesión cerrada correctamente - Usuario: Marlen16 
